// Jest Snapshot v1, https://goo.gl/fbAQLP

exports[`Manu-item component renders properly 1`] = `ShallowWrapper {}`;
