// Jest Snapshot v1, https://goo.gl/fbAQLP

exports[`Category preview renders properly 1`] = `
Object {
  "asFragment": [Function],
  "baseElement": <body>
    <div>
      <div
        class="sc-bczRLJ feYkiB"
      >
        <a
          class="sc-gsnTZi cVjYOm"
          href="/Title"
        >
          TITLE
        </a>
        <div
          class="sc-dkzDqf dXpcTy"
        >
          <div
            class="sc-jqUVSM bJZKRg"
          >
            <img
              alt="Item name"
              src="image/url"
            />
            <div
              class="sc-papXJ eDnHsY"
            >
              <span
                class="sc-kDDrLX gaInqx"
              >
                Item name
              </span>
              <span
                class="sc-iqcoie edOgOJ"
              >
                $
                100
              </span>
            </div>
            <button
              class="sc-jSMfEi sc-iBkjds ctEdUo fLgvBh"
            >
              ADD TO CART
            </button>
          </div>
        </div>
      </div>
    </div>
  </body>,
  "container": <div>
    <div
      class="sc-bczRLJ feYkiB"
    >
      <a
        class="sc-gsnTZi cVjYOm"
        href="/Title"
      >
        TITLE
      </a>
      <div
        class="sc-dkzDqf dXpcTy"
      >
        <div
          class="sc-jqUVSM bJZKRg"
        >
          <img
            alt="Item name"
            src="image/url"
          />
          <div
            class="sc-papXJ eDnHsY"
          >
            <span
              class="sc-kDDrLX gaInqx"
            >
              Item name
            </span>
            <span
              class="sc-iqcoie edOgOJ"
            >
              $
              100
            </span>
          </div>
          <button
            class="sc-jSMfEi sc-iBkjds ctEdUo fLgvBh"
          >
            ADD TO CART
          </button>
        </div>
      </div>
    </div>
  </div>,
  "debug": [Function],
  "findAllByAltText": [Function],
  "findAllByDisplayValue": [Function],
  "findAllByLabelText": [Function],
  "findAllByPlaceholderText": [Function],
  "findAllByRole": [Function],
  "findAllByTestId": [Function],
  "findAllByText": [Function],
  "findAllByTitle": [Function],
  "findByAltText": [Function],
  "findByDisplayValue": [Function],
  "findByLabelText": [Function],
  "findByPlaceholderText": [Function],
  "findByRole": [Function],
  "findByTestId": [Function],
  "findByText": [Function],
  "findByTitle": [Function],
  "getAllByAltText": [Function],
  "getAllByDisplayValue": [Function],
  "getAllByLabelText": [Function],
  "getAllByPlaceholderText": [Function],
  "getAllByRole": [Function],
  "getAllByTestId": [Function],
  "getAllByText": [Function],
  "getAllByTitle": [Function],
  "getByAltText": [Function],
  "getByDisplayValue": [Function],
  "getByLabelText": [Function],
  "getByPlaceholderText": [Function],
  "getByRole": [Function],
  "getByTestId": [Function],
  "getByText": [Function],
  "getByTitle": [Function],
  "queryAllByAltText": [Function],
  "queryAllByDisplayValue": [Function],
  "queryAllByLabelText": [Function],
  "queryAllByPlaceholderText": [Function],
  "queryAllByRole": [Function],
  "queryAllByTestId": [Function],
  "queryAllByText": [Function],
  "queryAllByTitle": [Function],
  "queryByAltText": [Function],
  "queryByDisplayValue": [Function],
  "queryByLabelText": [Function],
  "queryByPlaceholderText": [Function],
  "queryByRole": [Function],
  "queryByTestId": [Function],
  "queryByText": [Function],
  "queryByTitle": [Function],
  "rerender": [Function],
  "unmount": [Function],
}
`;
