// Jest Snapshot v1, https://goo.gl/fbAQLP

exports[`Sign-in component renders properly 1`] = `
Object {
  "asFragment": [Function],
  "baseElement": <body>
    <div>
      <div
        class="sc-papXJ exRLuz"
      >
        <h2>
          I already have an account
        </h2>
        <span>
          Sign in with your email and password
        </span>
        <form>
          <div
            class="sc-ftvSup cduAcl"
          >
            <input
              class="sc-iBkjds eZAXkO"
              data-testid="email-input"
              name="email"
              required=""
              type="email"
              value=""
            />
            <label
              class="sc-gKXOVf gjofEz"
            >
              Email
            </label>
          </div>
          <div
            class="sc-ftvSup cduAcl"
          >
            <input
              class="sc-iBkjds eZAXkO"
              data-testid="password-input"
              name="password"
              required=""
              type="password"
              value=""
            />
            <label
              class="sc-gKXOVf gjofEz"
            >
              Password
            </label>
          </div>
          <div
            class="sc-jqUVSM eVqAl"
          >
            <button
              class="sc-dkzDqf hdlUww"
              name="Submit Form"
              type="submit"
              value="Submit Form"
            >
              Sign in
            </button>
            <button
              class="sc-dkzDqf sc-hKMtZM hdlUww fbHvTo"
              type="button"
            >
               
              SIGN IN WITH GOOGLE
               
            </button>
          </div>
        </form>
      </div>
    </div>
  </body>,
  "container": <div>
    <div
      class="sc-papXJ exRLuz"
    >
      <h2>
        I already have an account
      </h2>
      <span>
        Sign in with your email and password
      </span>
      <form>
        <div
          class="sc-ftvSup cduAcl"
        >
          <input
            class="sc-iBkjds eZAXkO"
            data-testid="email-input"
            name="email"
            required=""
            type="email"
            value=""
          />
          <label
            class="sc-gKXOVf gjofEz"
          >
            Email
          </label>
        </div>
        <div
          class="sc-ftvSup cduAcl"
        >
          <input
            class="sc-iBkjds eZAXkO"
            data-testid="password-input"
            name="password"
            required=""
            type="password"
            value=""
          />
          <label
            class="sc-gKXOVf gjofEz"
          >
            Password
          </label>
        </div>
        <div
          class="sc-jqUVSM eVqAl"
        >
          <button
            class="sc-dkzDqf hdlUww"
            name="Submit Form"
            type="submit"
            value="Submit Form"
          >
            Sign in
          </button>
          <button
            class="sc-dkzDqf sc-hKMtZM hdlUww fbHvTo"
            type="button"
          >
             
            SIGN IN WITH GOOGLE
             
          </button>
        </div>
      </form>
    </div>
  </div>,
  "debug": [Function],
  "findAllByAltText": [Function],
  "findAllByDisplayValue": [Function],
  "findAllByLabelText": [Function],
  "findAllByPlaceholderText": [Function],
  "findAllByRole": [Function],
  "findAllByTestId": [Function],
  "findAllByText": [Function],
  "findAllByTitle": [Function],
  "findByAltText": [Function],
  "findByDisplayValue": [Function],
  "findByLabelText": [Function],
  "findByPlaceholderText": [Function],
  "findByRole": [Function],
  "findByTestId": [Function],
  "findByText": [Function],
  "findByTitle": [Function],
  "getAllByAltText": [Function],
  "getAllByDisplayValue": [Function],
  "getAllByLabelText": [Function],
  "getAllByPlaceholderText": [Function],
  "getAllByRole": [Function],
  "getAllByTestId": [Function],
  "getAllByText": [Function],
  "getAllByTitle": [Function],
  "getByAltText": [Function],
  "getByDisplayValue": [Function],
  "getByLabelText": [Function],
  "getByPlaceholderText": [Function],
  "getByRole": [Function],
  "getByTestId": [Function],
  "getByText": [Function],
  "getByTitle": [Function],
  "queryAllByAltText": [Function],
  "queryAllByDisplayValue": [Function],
  "queryAllByLabelText": [Function],
  "queryAllByPlaceholderText": [Function],
  "queryAllByRole": [Function],
  "queryAllByTestId": [Function],
  "queryAllByText": [Function],
  "queryAllByTitle": [Function],
  "queryByAltText": [Function],
  "queryByDisplayValue": [Function],
  "queryByLabelText": [Function],
  "queryByPlaceholderText": [Function],
  "queryByRole": [Function],
  "queryByTestId": [Function],
  "queryByText": [Function],
  "queryByTitle": [Function],
  "rerender": [Function],
  "unmount": [Function],
}
`;
